\BOOKMARK [1][-]{section.1}{\376\377\000I\000n\000t\000r\000o\000d\000u\000\347\000\343\000o}{}% 1
\BOOKMARK [2][-]{subsection.1.1}{\376\377\000M\000o\000t\000i\000v\000a\000\347\000\343\000o\000\040\000e\000\040\000C\000o\000n\000t\000e\000x\000t\000o\000\040\000A\000c\000a\000d\000\352\000m\000i\000c\000o}{section.1}% 2
\BOOKMARK [2][-]{subsection.1.2}{\376\377\000O\000b\000j\000e\000t\000i\000v\000o\000s}{section.1}% 3
\BOOKMARK [2][-]{subsection.1.3}{\376\377\000E\000s\000t\000r\000u\000t\000u\000r\000a\000\040\000d\000o\000\040\000D\000o\000c\000u\000m\000e\000n\000t\000o}{section.1}% 4
\BOOKMARK [1][-]{section.2}{\376\377\000M\000o\000d\000e\000l\000a\000g\000e\000m\000\040\000d\000o\000\040\000B\000a\000l\000a\000n\000\347\000o\000\040\000P\000a\000t\000r\000i\000m\000o\000n\000i\000a\000l}{}% 5
\BOOKMARK [2][-]{subsection.2.1}{\376\377\000E\000s\000t\000r\000u\000t\000u\000r\000a\000\040\000G\000e\000r\000a\000l}{section.2}% 6
\BOOKMARK [2][-]{subsection.2.2}{\376\377\000I\000n\000d\000i\000c\000a\000d\000o\000r\000e\000s\000\040\000d\000e\000\040\000C\000a\000p\000i\000t\000a\000l\000\040\000R\000e\000g\000u\000l\000a\000t\000\363\000r\000i\000o}{section.2}% 7
\BOOKMARK [2][-]{subsection.2.3}{\376\377\000M\000i\000x\000\040\000d\000e\000\040\000I\000n\000d\000e\000x\000a\000d\000o\000r\000e\000s}{section.2}% 8
\BOOKMARK [1][-]{section.3}{\376\377\000C\000e\000n\000\341\000r\000i\000o\000s\000\040\000d\000e\000\040\000M\000e\000r\000c\000a\000d\000o}{}% 9
\BOOKMARK [2][-]{subsection.3.1}{\376\377\000M\000o\000d\000e\000l\000a\000g\000e\000m\000\040\000d\000a\000\040\000C\000u\000r\000v\000a\000\040\000d\000e\000\040\000J\000u\000r\000o\000s\000:\000\040\000N\000e\000l\000s\000o\000n\000-\000S\000i\000e\000g\000e\000l}{section.3}% 10
\BOOKMARK [2][-]{subsection.3.2}{\376\377\000C\000e\000n\000\341\000r\000i\000o\000s\000\040\000d\000e\000\040\000E\000s\000t\000r\000e\000s\000s\000e}{section.3}% 11
\BOOKMARK [2][-]{subsection.3.3}{\376\377\000S\000p\000r\000e\000a\000d\000s\000\040\000d\000e\000\040\000C\000r\000\351\000d\000i\000t\000o}{section.3}% 12
\BOOKMARK [1][-]{section.4}{\376\377\000M\000o\000t\000o\000r\000\040\000d\000e\000\040\000F\000l\000u\000x\000o\000s\000\040\000d\000e\000\040\000C\000a\000i\000x\000a\000\040\000e\000\040\000N\000I\000M}{}% 13
\BOOKMARK [2][-]{subsection.4.1}{\376\377\000G\000a\000p\000\040\000d\000e\000\040\000R\000e\000p\000r\000e\000c\000i\000f\000i\000c\000a\000\347\000\343\000o}{section.4}% 14
\BOOKMARK [2][-]{subsection.4.2}{\376\377\000P\000r\000o\000j\000e\000\347\000\343\000o\000\040\000d\000e\000\040\000N\000I\000I\000\040\000e\000\040\000N\000I\000M}{section.4}% 15
\BOOKMARK [2][-]{subsection.4.3}{\376\377\000D\000u\000r\000a\000t\000i\000o\000n\000\040\000e\000\040\000D\000V\0000\0001}{section.4}% 16
\BOOKMARK [1][-]{section.5}{\376\377\000O\000t\000i\000m\000i\000z\000a\000d\000o\000r\000\040\000A\000L\000M\000:\000\040\000B\000a\000s\000e\000l\000i\000n\000e\000\040\000Q\000P}{}% 17
\BOOKMARK [2][-]{subsection.5.1}{\376\377\000F\000o\000r\000m\000u\000l\000a\000\347\000\343\000o\000\040\000d\000o\000\040\000P\000r\000o\000b\000l\000e\000m\000a}{section.5}% 18
\BOOKMARK [2][-]{subsection.5.2}{\376\377\000V\000a\000r\000i\000\341\000v\000e\000i\000s\000\040\000d\000e\000\040\000D\000e\000c\000i\000s\000\343\000o}{section.5}% 19
\BOOKMARK [2][-]{subsection.5.3}{\376\377\000M\000o\000d\000e\000l\000a\000g\000e\000m\000\040\000d\000a\000\040\000D\000e\000m\000a\000n\000d\000a\000\040\000d\000e\000\040\000C\000r\000\351\000d\000i\000t\000o}{section.5}% 20
\BOOKMARK [2][-]{subsection.5.4}{\376\377\000M\000o\000d\000e\000l\000a\000g\000e\000m\000\040\000d\000o\000\040\000C\000u\000s\000t\000o\000\040\000d\000e\000\040\000C\000a\000p\000t\000a\000\347\000\343\000o}{section.5}% 21
\BOOKMARK [2][-]{subsection.5.5}{\376\377\000S\000o\000l\000v\000e\000r\000\040\000e\000\040\000I\000m\000p\000l\000e\000m\000e\000n\000t\000a\000\347\000\343\000o}{section.5}% 22
\BOOKMARK [2][-]{subsection.5.6}{\376\377\000F\000r\000o\000n\000t\000e\000i\000r\000a\000\040\000E\000f\000i\000c\000i\000e\000n\000t\000e}{section.5}% 23
\BOOKMARK [2][-]{subsection.5.7}{\376\377\000A\000l\000o\000c\000a\000\347\000\343\000o\000\040\000\323\000t\000i\000m\000a\000\040\000d\000e\000\040\000C\000r\000\351\000d\000i\000t\000o\000\040\000e\000\040\000C\000a\000p\000t\000a\000\347\000\343\000o}{section.5}% 24
\BOOKMARK [1][-]{section.6}{\376\377\000M\000\363\000d\000u\000l\000o\000s\000\040\000d\000e\000\040\000L\000i\000q\000u\000i\000d\000e\000z\000\040\000e\000\040\000C\000a\000p\000i\000t\000a\000l}{}% 25
\BOOKMARK [2][-]{subsection.6.1}{\376\377\000S\000t\000r\000e\000s\000s\000\040\000T\000e\000s\000t\000\040\000d\000e\000\040\000L\000i\000q\000u\000i\000d\000e\000z\000\040\040\024\000\040\000L\000C\000R}{section.6}% 26
\BOOKMARK [2][-]{subsection.6.2}{\376\377\000N\000S\000F\000R\000\040\000e\000\040\000P\000r\000o\000j\000e\000\347\000\343\000o\000\040\000D\000i\000n\000\342\000m\000i\000c\000a}{section.6}% 27
\BOOKMARK [2][-]{subsection.6.3}{\376\377\000C\000u\000s\000t\000o\000\040\000d\000o\000\040\000B\000u\000f\000f\000e\000r\000\040\000d\000e\000\040\000L\000i\000q\000u\000i\000d\000e\000z}{section.6}% 28
\BOOKMARK [2][-]{subsection.6.4}{\376\377\000C\000a\000p\000i\000t\000a\000l\000\040\000E\000c\000o\000n\000\364\000m\000i\000c\000o\000\040\000e\000\040\000R\000A\000R\000O\000C}{section.6}% 29
\BOOKMARK [2][-]{subsection.6.5}{\376\377\000P\000r\000i\000c\000i\000n\000g\000\040\000M\000\355\000n\000i\000m\000o\000\040\000v\000i\000a\000\040\000R\000A\000R\000O\000C}{section.6}% 30
\BOOKMARK [1][-]{section.7}{\376\377\000L\000i\000m\000i\000t\000a\000\347\000\365\000e\000s\000\040\000d\000o\000\040\000B\000a\000s\000e\000l\000i\000n\000e\000\040\000e\000\040\000P\000e\000r\000s\000p\000e\000c\000t\000i\000v\000a\000s\000\040\000d\000e\000\040\000P\000e\000s\000q\000u\000i\000s\000a}{}% 31
\BOOKMARK [2][-]{subsection.7.1}{\376\377\000L\000i\000m\000i\000t\000a\000\347\000\365\000e\000s\000\040\000I\000d\000e\000n\000t\000i\000f\000i\000c\000a\000d\000a\000s}{section.7}% 32
\BOOKMARK [3][-]{subsubsection.7.1.1}{\376\377\000F\000r\000o\000n\000t\000e\000i\000r\000a\000\040\000E\000f\000i\000c\000i\000e\000n\000t\000e\000\040\000Q\000u\000a\000s\000e\000\040\000P\000l\000a\000n\000a}{subsection.7.1}% 33
\BOOKMARK [3][-]{subsubsection.7.1.2}{\376\377\000N\000S\000F\000R\000\040\000c\000o\000m\000o\000\040\000R\000e\000s\000t\000r\000i\000\347\000\343\000o\000\040\000D\000o\000m\000i\000n\000a\000n\000t\000e}{subsection.7.1}% 34
\BOOKMARK [3][-]{subsubsection.7.1.3}{\376\377\000R\000A\000R\000O\000C\000\040\000N\000e\000g\000a\000t\000i\000v\000o\000\040\000e\000m\000\040\000S\000e\000g\000m\000e\000n\000t\000o\000s\000\040\000R\000e\000g\000u\000l\000a\000d\000o\000s}{subsection.7.1}% 35
\BOOKMARK [2][-]{subsection.7.2}{\376\377\000A\000g\000e\000n\000d\000a\000\040\000d\000e\000\040\000P\000e\000s\000q\000u\000i\000s\000a\000\040\000e\000\040\000C\000o\000n\000e\000x\000\343\000o\000\040\000c\000o\000m\000\040\000a\000\040\000T\000e\000s\000e}{section.7}% 36
\BOOKMARK [2][-]{subsection.7.3}{\376\377\000P\000o\000s\000i\000c\000i\000o\000n\000a\000m\000e\000n\000t\000o\000\040\000d\000a\000\040\000C\000o\000n\000t\000r\000i\000b\000u\000i\000\347\000\343\000o}{section.7}% 37
\BOOKMARK [1][-]{section.8}{\376\377\000A\000r\000q\000u\000i\000t\000e\000t\000u\000r\000a\000\040\000d\000o\000\040\000S\000i\000s\000t\000e\000m\000a\000\040\000C\000o\000m\000p\000u\000t\000a\000c\000i\000o\000n\000a\000l}{}% 38
\BOOKMARK [2][-]{subsection.8.1}{\376\377\000E\000s\000t\000r\000u\000t\000u\000r\000a\000\040\000d\000e\000\040\000M\000\363\000d\000u\000l\000o\000s}{section.8}% 39
\BOOKMARK [2][-]{subsection.8.2}{\376\377\000F\000l\000u\000x\000o\000\040\000d\000e\000\040\000E\000x\000e\000c\000u\000\347\000\343\000o}{section.8}% 40
\BOOKMARK [1][-]{section.9}{\376\377\000C\000o\000n\000c\000l\000u\000s\000\365\000e\000s}{}% 41
